[INFO] Scanning for projects...
[INFO] 
[INFO] --------------------< com.storeflow:storeflow-api >---------------------
[INFO] Building StoreFlow API 0.1.0
[INFO]   from pom.xml
[INFO] --------------------------------[ jar ]---------------------------------
[INFO] 
[INFO] --- clean:3.3.2:clean (default-clean) @ storeflow-api ---
[INFO] Deleting /home/tejas/storeflow-api/target
[INFO] 
[INFO] --- jacoco:0.8.10:prepare-agent (default) @ storeflow-api ---
[INFO] argLine set to -javaagent:/home/tejas/.m2/repository/org/jacoco/org.jacoco.agent/0.8.10/org.jacoco.agent-0.8.10-runtime.jar=destfile=/home/tejas/storeflow-api/target/jacoco.exec
[INFO] 
[INFO] --- resources:3.3.1:resources (default-resources) @ storeflow-api ---
[INFO] Copying 3 resources from src/main/resources to target/classes
[INFO] Copying 1 resource from src/main/resources to target/classes
[INFO] 
[INFO] --- compiler:3.13.0:compile (default-compile) @ storeflow-api ---
[INFO] Recompiling the module because of changed source code.
[INFO] Compiling 9 source files with javac [debug parameters release 21] to target/classes
[INFO] 
[INFO] --- resources:3.3.1:testResources (default-testResources) @ storeflow-api ---
[INFO] skip non existing resourceDirectory /home/tejas/storeflow-api/src/test/resources
[INFO] 
[INFO] --- compiler:3.13.0:testCompile (default-testCompile) @ storeflow-api ---
[INFO] Recompiling the module because of changed dependency.
[INFO] Compiling 8 source files with javac [debug parameters release 21] to target/test-classes
[INFO] 
[INFO] --- surefire:3.0.0-M9:test (default-test) @ storeflow-api ---
[INFO] Using auto detected provider org.apache.maven.surefire.junitplatform.JUnitPlatformProvider
[INFO] 
[INFO] -------------------------------------------------------
[INFO]  T E S T S
[INFO] -------------------------------------------------------
[INFO] Running com.storeflow.GlobalExceptionHandlerIntegrationTest
Standard Commons Logging discovery in action with spring-jcl: please remove commons-logging.jar from classpath in order to avoid potential conflicts
22:15:35.669 [main] INFO org.springframework.test.context.support.AnnotationConfigContextLoaderUtils -- Could not detect default configuration classes for test class [com.storeflow.GlobalExceptionHandlerIntegrationTest]: GlobalExceptionHandlerIntegrationTest does not declare any static, non-private, non-final, nested classes annotated with @Configuration.
22:15:36.066 [main] INFO org.springframework.boot.test.context.SpringBootTestContextBootstrapper -- Found @SpringBootConfiguration com.storeflow.StoreFlowApplication for test class com.storeflow.GlobalExceptionHandlerIntegrationTest
  .   ____          _            __ _ _
 /\\ / ___'_ __ _ _(_)_ __  __ _ \ \ \ \
( ( )\___ | '_ | '_| | '_ \/ _` | \ \ \ \
 \\/  ___)| |_)| | | | | || (_| |  ) ) ) )
  '  |____| .__|_| |_|_| |_\__, | / / / /
 =========|_|==============|___/=/_/_/_/

 :: Spring Boot ::                (v3.3.0)

2026-04-06 22:15:37 - Starting GlobalExceptionHandlerIntegrationTest using Java 21.0.10 with PID 1304 (started by tejas in /home/tejas/storeflow-api)
2026-04-06 22:15:37 - Running with Spring Boot v3.3.0, Spring v6.1.8
2026-04-06 22:15:37 - The following 1 profile is active: "test"
2026-04-06 22:15:43 - HikariPool-1 - Starting...
2026-04-06 22:15:44 - HikariPool-1 - Added connection org.postgresql.jdbc.PgConnection@150cc1ea
2026-04-06 22:15:44 - HikariPool-1 - Start completed.
2026-04-06 22:15:44 - Database: jdbc:postgresql://localhost:5433/storeflow_rest_api (PostgreSQL 15.17)
2026-04-06 22:15:44 - Successfully validated 1 migration (execution time 00:00.142s)
2026-04-06 22:15:44 - Current version of schema "public": 1
2026-04-06 22:15:44 - Schema "public" is up to date. No migration necessary.
2026-04-06 22:15:47 - HHH90000025: PostgreSQLDialect does not need to be specified explicitly using 'hibernate.dialect' (remove the property setting and it will be selected by default)
2026-04-06 22:15:49 - spring.jpa.open-in-view is enabled by default. Therefore, database queries may be performed during view rendering. Explicitly configure spring.jpa.open-in-view to disable this warning
2026-04-06 22:15:49 - 

Using generated security password: 1af0ee16-8f83-46e3-833f-2288d99eaa1b

This generated password is for development use only. Your security configuration must be updated before running your application in production.

2026-04-06 22:15:54 - Filter 'requestLoggingFilter' configured for use
2026-04-06 22:15:54 - Filter 'jwtAuthenticationFilter' configured for use
2026-04-06 22:15:54 - Filter 'rateLimitingFilter' configured for use
2026-04-06 22:15:55 - Started GlobalExceptionHandlerIntegrationTest in 18.546 seconds (process running for 23.26)
WARNING: A Java agent has been loaded dynamically (/home/tejas/.m2/repository/net/bytebuddy/byte-buddy-agent/1.14.16/byte-buddy-agent-1.14.16.jar)
WARNING: If a serviceability tool is in use, please run with -XX:+EnableDynamicAgentLoading to hide this warning
WARNING: If a serviceability tool is not in use, please run with -Djdk.instrument.traceUsage for more information
WARNING: Dynamic loading of agents will be disallowed by default in a future release
OpenJDK 64-Bit Server VM warning: Sharing is only supported for boot loader classes because bootstrap classpath has been appended
2026-04-06 22:15:57 - No mapping for GET /api/test1
2026-04-06 22:15:57 - 404 Not Found: /api/test1
2026-04-06 22:15:57 - HTTP GET /api/test1 -> 404 (347ms)
2026-04-06 22:15:57 - No mapping for GET /api/test2
2026-04-06 22:15:57 - 404 Not Found: /api/test2
2026-04-06 22:15:57 - HTTP GET /api/test2 -> 404 (23ms)
2026-04-06 22:15:57 - No mapping for GET /api/invalid/path/here
2026-04-06 22:15:57 - 404 Not Found: /api/invalid/path/here
2026-04-06 22:15:57 - HTTP GET /api/invalid/path/here -> 404 (30ms)
2026-04-06 22:15:57 - No mapping for POST /api/invalid-endpoint
2026-04-06 22:15:57 - 404 Not Found: /api/invalid-endpoint
2026-04-06 22:15:57 - HTTP POST /api/invalid-endpoint -> 404 (12ms)
2026-04-06 22:15:57 - 405 Method Not Allowed: POST Request method 'POST' is not supported
2026-04-06 22:15:57 - HTTP POST /api/health -> 405 (12ms)
2026-04-06 22:15:57 - No mapping for GET /api/unreachable
2026-04-06 22:15:57 - 404 Not Found: /api/unreachable
2026-04-06 22:15:57 - HTTP GET /api/unreachable -> 404 (25ms)
[INFO] Tests run: 5, Failures: 0, Errors: 0, Skipped: 0, Time elapsed: 22.957 s - in com.storeflow.GlobalExceptionHandlerIntegrationTest
[INFO] Running com.storeflow.exception.GlobalExceptionHandlerTest
2026-04-06 22:15:58 - Unhandled exception
java.lang.RuntimeException: Unexpected error
	at com.storeflow.exception.GlobalExceptionHandlerTest.testHandleGenericException_Returns500(GlobalExceptionHandlerTest.java:46)
	at java.base/jdk.internal.reflect.DirectMethodHandleAccessor.invoke(DirectMethodHandleAccessor.java:103)
	at java.base/java.lang.reflect.Method.invoke(Method.java:580)
	at org.junit.platform.commons.util.ReflectionUtils.invokeMethod(ReflectionUtils.java:728)
	at org.junit.jupiter.engine.execution.MethodInvocation.proceed(MethodInvocation.java:60)
	at org.junit.jupiter.engine.execution.InvocationInterceptorChain$ValidatingInvocation.proceed(InvocationInterceptorChain.java:131)
	at org.junit.jupiter.engine.extension.TimeoutExtension.intercept(TimeoutExtension.java:156)
	at org.junit.jupiter.engine.extension.TimeoutExtension.interceptTestableMethod(TimeoutExtension.java:147)
	at org.junit.jupiter.engine.extension.TimeoutExtension.interceptTestMethod(TimeoutExtension.java:86)
	at org.junit.jupiter.engine.execution.InterceptingExecutableInvoker$ReflectiveInterceptorCall.lambda$ofVoidMethod$0(InterceptingExecutableInvoker.java:103)
	at org.junit.jupiter.engine.execution.InterceptingExecutableInvoker.lambda$invoke$0(InterceptingExecutableInvoker.java:93)
	at org.junit.jupiter.engine.execution.InvocationInterceptorChain$InterceptedInvocation.proceed(InvocationInterceptorChain.java:106)
	at org.junit.jupiter.engine.execution.InvocationInterceptorChain.proceed(InvocationInterceptorChain.java:64)
	at org.junit.jupiter.engine.execution.InvocationInterceptorChain.chainAndInvoke(InvocationInterceptorChain.java:45)
	at org.junit.jupiter.engine.execution.InvocationInterceptorChain.invoke(InvocationInterceptorChain.java:37)
	at org.junit.jupiter.engine.execution.InterceptingExecutableInvoker.invoke(InterceptingExecutableInvoker.java:92)
	at org.junit.jupiter.engine.execution.InterceptingExecutableInvoker.invoke(InterceptingExecutableInvoker.java:86)
	at org.junit.jupiter.engine.descriptor.TestMethodTestDescriptor.lambda$invokeTestMethod$7(TestMethodTestDescriptor.java:218)
	at org.junit.platform.engine.support.hierarchical.ThrowableCollector.execute(ThrowableCollector.java:73)
	at org.junit.jupiter.engine.descriptor.TestMethodTestDescriptor.invokeTestMethod(TestMethodTestDescriptor.java:214)
	at org.junit.jupiter.engine.descriptor.TestMethodTestDescriptor.execute(TestMethodTestDescriptor.java:139)
	at org.junit.jupiter.engine.descriptor.TestMethodTestDescriptor.execute(TestMethodTestDescriptor.java:69)
	at org.junit.platform.engine.support.hierarchical.NodeTestTask.lambda$executeRecursively$6(NodeTestTask.java:151)
	at org.junit.platform.engine.support.hierarchical.ThrowableCollector.execute(ThrowableCollector.java:73)
	at org.junit.platform.engine.support.hierarchical.NodeTestTask.lambda$executeRecursively$8(NodeTestTask.java:141)
	at org.junit.platform.engine.support.hierarchical.Node.around(Node.java:137)
	at org.junit.platform.engine.support.hierarchical.NodeTestTask.lambda$executeRecursively$9(NodeTestTask.java:139)
	at org.junit.platform.engine.support.hierarchical.ThrowableCollector.execute(ThrowableCollector.java:73)
	at org.junit.platform.engine.support.hierarchical.NodeTestTask.executeRecursively(NodeTestTask.java:138)
	at org.junit.platform.engine.support.hierarchical.NodeTestTask.execute(NodeTestTask.java:95)
	at java.base/java.util.ArrayList.forEach(ArrayList.java:1596)
	at org.junit.platform.engine.support.hierarchical.SameThreadHierarchicalTestExecutorService.invokeAll(SameThreadHierarchicalTestExecutorService.java:41)
	at org.junit.platform.engine.support.hierarchical.NodeTestTask.lambda$executeRecursively$6(NodeTestTask.java:155)
	at org.junit.platform.engine.support.hierarchical.ThrowableCollector.execute(ThrowableCollector.java:73)
	at org.junit.platform.engine.support.hierarchical.NodeTestTask.lambda$executeRecursively$8(NodeTestTask.java:141)
	at org.junit.platform.engine.support.hierarchical.Node.around(Node.java:137)
	at org.junit.platform.engine.support.hierarchical.NodeTestTask.lambda$executeRecursively$9(NodeTestTask.java:139)
	at org.junit.platform.engine.support.hierarchical.ThrowableCollector.execute(ThrowableCollector.java:73)
	at org.junit.platform.engine.support.hierarchical.NodeTestTask.executeRecursively(NodeTestTask.java:138)
	at org.junit.platform.engine.support.hierarchical.NodeTestTask.execute(NodeTestTask.java:95)
	at java.base/java.util.ArrayList.forEach(ArrayList.java:1596)
	at org.junit.platform.engine.support.hierarchical.SameThreadHierarchicalTestExecutorService.invokeAll(SameThreadHierarchicalTestExecutorService.java:41)
	at org.junit.platform.engine.support.hierarchical.NodeTestTask.lambda$executeRecursively$6(NodeTestTask.java:155)
	at org.junit.platform.engine.support.hierarchical.ThrowableCollector.execute(ThrowableCollector.java:73)
	at org.junit.platform.engine.support.hierarchical.NodeTestTask.lambda$executeRecursively$8(NodeTestTask.java:141)
	at org.junit.platform.engine.support.hierarchical.Node.around(Node.java:137)
	at org.junit.platform.engine.support.hierarchical.NodeTestTask.lambda$executeRecursively$9(NodeTestTask.java:139)
	at org.junit.platform.engine.support.hierarchical.ThrowableCollector.execute(ThrowableCollector.java:73)
	at org.junit.platform.engine.support.hierarchical.NodeTestTask.executeRecursively(NodeTestTask.java:138)
	at org.junit.platform.engine.support.hierarchical.NodeTestTask.execute(NodeTestTask.java:95)
	at org.junit.platform.engine.support.hierarchical.SameThreadHierarchicalTestExecutorService.submit(SameThreadHierarchicalTestExecutorService.java:35)
	at org.junit.platform.engine.support.hierarchical.HierarchicalTestExecutor.execute(HierarchicalTestExecutor.java:57)
	at org.junit.platform.engine.support.hierarchical.HierarchicalTestEngine.execute(HierarchicalTestEngine.java:54)
	at org.junit.platform.launcher.core.EngineExecutionOrchestrator.execute(EngineExecutionOrchestrator.java:198)
	at org.junit.platform.launcher.core.EngineExecutionOrchestrator.execute(EngineExecutionOrchestrator.java:169)
	at org.junit.platform.launcher.core.EngineExecutionOrchestrator.execute(EngineExecutionOrchestrator.java:93)
	at org.junit.platform.launcher.core.EngineExecutionOrchestrator.lambda$execute$0(EngineExecutionOrchestrator.java:58)
	at org.junit.platform.launcher.core.EngineExecutionOrchestrator.withInterceptedStreams(EngineExecutionOrchestrator.java:141)
	at org.junit.platform.launcher.core.EngineExecutionOrchestrator.execute(EngineExecutionOrchestrator.java:57)
	at org.junit.platform.launcher.core.DefaultLauncher.execute(DefaultLauncher.java:103)
	at org.junit.platform.launcher.core.DefaultLauncher.execute(DefaultLauncher.java:85)
	at org.junit.platform.launcher.core.DelegatingLauncher.execute(DelegatingLauncher.java:47)
	at org.apache.maven.surefire.junitplatform.LazyLauncher.execute(LazyLauncher.java:55)
	at org.apache.maven.surefire.junitplatform.JUnitPlatformProvider.execute(JUnitPlatformProvider.java:223)
	at org.apache.maven.surefire.junitplatform.JUnitPlatformProvider.invokeAllTests(JUnitPlatformProvider.java:175)
	at org.apache.maven.surefire.junitplatform.JUnitPlatformProvider.invoke(JUnitPlatformProvider.java:139)
	at org.apache.maven.surefire.booter.ForkedBooter.runSuitesInProcess(ForkedBooter.java:456)
	at org.apache.maven.surefire.booter.ForkedBooter.execute(ForkedBooter.java:169)
	at org.apache.maven.surefire.booter.ForkedBooter.run(ForkedBooter.java:595)
	at org.apache.maven.surefire.booter.ForkedBooter.main(ForkedBooter.java:581)
2026-04-06 22:15:58 - 404 Not Found: /api/nonexistent
2026-04-06 22:15:58 - 404 Not Found: /api/test
[INFO] Tests run: 3, Failures: 0, Errors: 0, Skipped: 0, Time elapsed: 0.228 s - in com.storeflow.exception.GlobalExceptionHandlerTest
[INFO] Running com.storeflow.middleware.RequestLoggingFilterTest
2026-04-06 22:16:00 - HTTP null null -> 0 (1ms)
2026-04-06 22:16:00 - HTTP null null -> 0 (1ms)
2026-04-06 22:16:01 - HTTP null null -> 0 (0ms)
[INFO] Tests run: 3, Failures: 0, Errors: 0, Skipped: 0, Time elapsed: 2.829 s - in com.storeflow.middleware.RequestLoggingFilterTest
[INFO] Running com.storeflow.HealthControllerIntegrationTest
2026-04-06 22:16:01 - Health check requested
2026-04-06 22:16:01 - HTTP GET /api/health -> 200 (489ms)
2026-04-06 22:16:01 - No mapping for GET /api/nonexistent
2026-04-06 22:16:01 - 404 Not Found: /api/nonexistent
2026-04-06 22:16:01 - HTTP GET /api/nonexistent -> 404 (17ms)
2026-04-06 22:16:01 - Health check requested
2026-04-06 22:16:01 - HTTP GET /api/health -> 200 (21ms)
2026-04-06 22:16:01 - Health check requested
2026-04-06 22:16:01 - HTTP GET /api/health -> 200 (24ms)
[INFO] Tests run: 4, Failures: 0, Errors: 0, Skipped: 0, Time elapsed: 0.953 s - in com.storeflow.HealthControllerIntegrationTest
[INFO] Running com.storeflow.controller.HealthControllerTest
2026-04-06 22:16:02 - Health check requested
2026-04-06 22:16:02 - Health check requested
2026-04-06 22:16:02 - Health check requested
[INFO] Tests run: 3, Failures: 0, Errors: 0, Skipped: 0, Time elapsed: 0.049 s - in com.storeflow.controller.HealthControllerTest
[INFO] Running com.storeflow.dto.ErrorResponseTest
[INFO] Tests run: 5, Failures: 0, Errors: 0, Skipped: 0, Time elapsed: 0.06 s - in com.storeflow.dto.ErrorResponseTest
[INFO] Running com.storeflow.MiddlewareSecurityIntegrationTest
2026-04-06 22:16:02 - Health check requested
2026-04-06 22:16:02 - HTTP GET /api/health -> 200 (20ms)
2026-04-06 22:16:02 - HTTP GET /actuator/health -> 200 (276ms)
2026-04-06 22:16:02 - Health check requested
2026-04-06 22:16:02 - HTTP GET /api/health -> 200 (19ms)
2026-04-06 22:16:02 - Health check requested
2026-04-06 22:16:02 - HTTP GET /api/health -> 200 (16ms)
[INFO] Tests run: 4, Failures: 0, Errors: 0, Skipped: 0, Time elapsed: 0.593 s - in com.storeflow.MiddlewareSecurityIntegrationTest
[INFO] 
[INFO] Results:
[INFO] 
[INFO] Tests run: 27, Failures: 0, Errors: 0, Skipped: 0
[INFO] 
[INFO] 
[INFO] --- jacoco:0.8.10:report (report) @ storeflow-api ---
[INFO] Loading execution data file /home/tejas/storeflow-api/target/jacoco.exec
[INFO] Analyzed bundle 'StoreFlow API' with 11 classes
[INFO] ------------------------------------------------------------------------
[INFO] BUILD SUCCESS
[INFO] ------------------------------------------------------------------------
[INFO] Total time:  40.754 s
[INFO] Finished at: 2026-04-06T22:16:04Z
[INFO] ------------------------------------------------------------------------
